Harness status: OK

Found 1 tests

1 Pass
Pass	Setting type attribute must unset checkedness of other elements