Harness status: OK

Found 1 tests

1 Pass
Pass	addEventListener with a platform object