Harness status: OK

Found 1 tests

1 Pass
Pass	concat() arguments depending on the context node