Harness status: OK

Found 2 tests

2 Fail
Fail	StylePropertyMap.getAll() with a shorthand property set explicitly in computed style returns a list containing a base CSSStyleValue
Fail	StylePropertyMap.getAll() with a shorthand property from initial computed style returns a list containing a base CSSStyleValue