Harness status: OK

Found 75 tests

75 Pass
Pass	html5lib_entities01.html 16c694bcf0b3ff3723fa070eea7e1e82ef12a337
Pass	html5lib_entities01.html 05e04b39ef06e2367a33326f5dd566913aa6628f
Pass	html5lib_entities01.html fbf7d9fec595585869c5c595d5588b34fd175278
Pass	html5lib_entities01.html e59b0a76d7bcfb429b27e00e469f35e08a9bdd1a
Pass	html5lib_entities01.html 5ea854d6ecd4d6dd459cb36d4faf3ed36e11c073
Pass	html5lib_entities01.html 119cd15b852615cd0fce759769b4a3788595e3bb
Pass	html5lib_entities01.html 903cefcfae1125cb71fc77f4a6b7d3546e8f4020
Pass	html5lib_entities01.html 69f08b40c7506153e809415ca98e2ed98992216b
Pass	html5lib_entities01.html 9c00a1833e8cf4af28c8bd94902412ad7052b4b0
Pass	html5lib_entities01.html b5bcdcbc6e88b380be0e48ca2620fbbb8e92e497
Pass	html5lib_entities01.html bf6c90305b2856c2d9c9a146dfff867fe7a5e0f3
Pass	html5lib_entities01.html 6b9c8d175a3d7b6cf04ffd72e44a7dc88686460f
Pass	html5lib_entities01.html 76c184d9ce64b8a52c2e67eafeb8d332c096f2be
Pass	html5lib_entities01.html 4c30f8f931eb44c2f208e837555c0cc444dd4612
Pass	html5lib_entities01.html 1db77ef761092d65ce847c0bcd6e7cb892db754d
Pass	html5lib_entities01.html 284c18aa40a73e4052525a9ffb30b23182f237ea
Pass	html5lib_entities01.html 6b336a43e394d3ab7ceb2ab54c63409e8a27aded
Pass	html5lib_entities01.html 436c30dd76bf9b5c2b29a181d9a9412ec0ab4bdf
Pass	html5lib_entities01.html 1373a52ddcb71f20f29d92abb6714eaabeba7424
Pass	html5lib_entities01.html d60f4f324a1ad9c09c4d3590c8c537af2852eeb4
Pass	html5lib_entities01.html d21511e2df56c306c78e1449c960c66e565e016e
Pass	html5lib_entities01.html 39107d16f24d4c7bcd40ad1239b5f4f677877ee8
Pass	html5lib_entities01.html a44b740e8b2349e75c9eb0376f665eab13ff821d
Pass	html5lib_entities01.html a0e38b1c19eba037b34c68864634cff032f0b892
Pass	html5lib_entities01.html 390d9571a24be0961c8fcd78c69eea16a6414246
Pass	html5lib_entities01.html ceba8404405dd3b3b423c45411bde15bf72a846d
Pass	html5lib_entities01.html f8dd2fccc21d3a08790a7877186840a692adf111
Pass	html5lib_entities01.html d526830d439d3c4e966b22fbedf819d465d3107b
Pass	html5lib_entities01.html 240af7bacbfecce6e2a973de9c89fad817fb8d42
Pass	html5lib_entities01.html d657585ca1df5b86693fca8a0a2eae76bd9b1c2b
Pass	html5lib_entities01.html b508fcffb2d9f2424c7837270e51824321fb4570
Pass	html5lib_entities01.html 897ab551df27df14418a46ff1c3acef8338c53f3
Pass	html5lib_entities01.html 493a472ccf903088c813ff6874d54482a161df8f
Pass	html5lib_entities01.html 67d19edb1f6ecbbb6ccb90df2345e52e5c58efc3
Pass	html5lib_entities01.html dded422b7406c966c944555f220d7d3dfcf2a143
Pass	html5lib_entities01.html 60a76c9e10e4ac53f836f9e45eb0518dd0b7b73b
Pass	html5lib_entities01.html b47fcc6a614247319908b00935f10ec134399917
Pass	html5lib_entities01.html 3b5c7d0331ae900e1179eaf3545c78d147434fbf
Pass	html5lib_entities01.html a0f119508046dbb4f8059232f6e99f66c1e8e7a6
Pass	html5lib_entities01.html daab384be8471edeb755353c5dccaad0c415dac5
Pass	html5lib_entities01.html 8485e4d103a517615f39c0d0b71fe5065c5437db
Pass	html5lib_entities01.html 4c28749faddb096d1f04792b7daf039268c43181
Pass	html5lib_entities01.html c84c576954c4c493528eaa34233c926653152be5
Pass	html5lib_entities01.html b2797e18c499df32296545225c259dbf4bea2908
Pass	html5lib_entities01.html 5b2dfe6f187413faecd91336bd353c05768ea722
Pass	html5lib_entities01.html 34af7be5bcff18ec869a306b19daea70f61f7088
Pass	html5lib_entities01.html 8f2e74688427858fc1a895fc472d074a0528a7ae
Pass	html5lib_entities01.html 530d6251a43d688e69959237e519812585de8266
Pass	html5lib_entities01.html bced9b8c339d0d2838ea0fffe9a64027b4f3a877
Pass	html5lib_entities01.html 9c9e8079df25999c606bc84f46b348544a23b9b4
Pass	html5lib_entities01.html ec61d22b3bc6f93e54bbff964311bba9a3a06b21
Pass	html5lib_entities01.html 391f0136aebdd0e874c8eb85651ffda7e9f86f24
Pass	html5lib_entities01.html e2974e7029b008539aacc1ee885705764f8c53f4
Pass	html5lib_entities01.html 23e105ca5329cc0338a96fe7e088ba9b319c46d1
Pass	html5lib_entities01.html 87af28752724c400edef3970e52440639be5b1a8
Pass	html5lib_entities01.html f50d9e39e2bda3d8c0b1c69d1f1e4e86c4b39ac3
Pass	html5lib_entities01.html 12827fadb8d36b829e9c2c7315e0848d2d7ef278
Pass	html5lib_entities01.html f603997321070e6ccada6fefe4240a9e6c7e870a
Pass	html5lib_entities01.html a88e381bf36e74aaa8ac5b0877153b7158bae579
Pass	html5lib_entities01.html 11019fa64a25748a5bfb864fc200ec2710b54aa3
Pass	html5lib_entities01.html 3d238b9146102bd11e898ff4913f86e8ded65be4
Pass	html5lib_entities01.html a1375bfde7be56e514471700e030b1c7e7090e2f
Pass	html5lib_entities01.html 7936b73efa385d183e93453bea24fd0c4dff4742
Pass	html5lib_entities01.html 41cdf6978b0c48e7044d5e4534fc8bb08de4cdf2
Pass	html5lib_entities01.html 5138f572a4db2e2edc2d723e1bb87af72ab501f4
Pass	html5lib_entities01.html f30757617b6df330deba1cb607e8d47f71bda13f
Pass	html5lib_entities01.html a6fd8cdca1fa8cf07519d9a0c5b779eafa438b70
Pass	html5lib_entities01.html ada342466887e85d89c3b815b127bfced036ac76
Pass	html5lib_entities01.html 74bd99a9263f0b8e8a5fac4d2684fe37d5a1a9cc
Pass	html5lib_entities01.html bffe7b00046407080251ab6bf58cb97ce2a34893
Pass	html5lib_entities01.html 5aef37f1f2b9ac45adfade044c882eb09a297569
Pass	html5lib_entities01.html 6e2d817539fb3b2023c7bcb88ad220c136f70cf0
Pass	html5lib_entities01.html d4ac52727ff405f61a1d878a0aa1951ae5264c80
Pass	html5lib_entities01.html d2584faaa4dda5283955b2dc22812a018d04a72d
Pass	html5lib_entities01.html 56dc3e612fbfa06cfeb26957e357defcf73aa220