Harness status: OK

Found 2 tests

2 Pass
Pass	e.style['box-sizing'] = "content-box" should set the property value
Pass	e.style['box-sizing'] = "border-box" should set the property value