Viewport <#document> at [0,0] [0+0+0 800 0+0+0] [0+0+0 600 0+0+0] children: not-inline
  BlockContainer <html> at [0,0] [0+0+0 800 0+0+0] [0+0+0 191 0+0+0] [BFC] children: not-inline
    BlockContainer <body> at [8,8] [8+0+0 784 0+0+8] [8+0+0 175 0+0+8] children: inline
      frag 0 from TextNode start: 0, length: 6, rect: [8,8 43.125x18] baseline: 13.796875
          "Well, "
      frag 1 from BlockContainer start: 0, length: 0, rect: [51.125,58 100x100] baseline: 0
      frag 2 from TextNode start: 0, length: 9, rect: [151.125,8 67.703125x18] baseline: 13.796875
          " friends."
      TextNode <#text> (not painted)
      BlockContainer <div#inline-box> at [51.125,58] inline-block [0+0+0 100 0+0+0] [50+0+0 100 0+0+25] [BFC] children: not-inline
      TextNode <#text> (not painted)

ViewportPaintable (Viewport<#document>) [0,0 800x600]
  PaintableWithLines (BlockContainer<HTML>) [0,0 800x191]
    PaintableWithLines (BlockContainer<BODY>) [8,8 784x175]
      TextPaintable (TextNode<#text>)
      PaintableWithLines (BlockContainer<DIV>#inline-box) [51.125,58 100x100]
      TextPaintable (TextNode<#text>)

SC for Viewport<#document> [0,0 800x600] [children: 1] (z-index: auto)
 SC for BlockContainer<HTML> [0,0 800x191] [children: 0] (z-index: auto)
