<!DOCTYPE html>
<head>
<style>
     .left { text-align: left; }
     .center { text-align: center; }
     .right { text-align: right; }
</style>
</head>
<body>
<div>
     <div class="left">Left</div>
     <div class="left">Left</div>
</div>
<div>
     <div class="center">Center</div>
     <div class="center">Center</div>
</div>
<div>
     <div class="right">Right</div>
     <div class="right">Right</div>
</div>
<div>
     <div class="right">Right</div>
     <div class="right">Right</div>
</div>
<div>
     <div class="center">Center</div>
     <div class="center">Center</div>
</div>
<div>
     <div class="left">Left</div>
     <div class="left">Left</div>
</div>
</body>
