Summary

Harness status: OK

Rerun

Found 2 tests

2 Fail
Details
Result	Test Name	MessageFail	.before 1	
Fail	.after 2	