<style>
* {
    margin: 0;
}
body {
    background-color: white;
}
</style>
<!-- To rebase:
  1. ./Meta/ladybird.sh run headless-browser Tests/LibWeb/Screenshot/input/text-decorations.html --layout-test-mode
  2. mv output.png Tests/LibWeb/Screenshot/images/text-decorations-ref.png
-->
<img src="../images/text-decorations-ref.png">
