Harness status: OK

Found 106 tests

52 Pass
54 Fail
Pass	Attribute 'syntax' returns expected value for ["<color>"]
Pass	Attribute 'syntax' returns expected value for ["<color> | none"]
Pass	Attribute 'syntax' returns expected value for ["<color># | <image> | none"]
Pass	Attribute 'syntax' returns expected value for ["foo | <length>#"]
Pass	Attribute 'syntax' returns expected value for ["foo | bar | baz"]
Pass	Attribute 'syntax' returns expected value for ["notasyntax"]
Pass	Attribute 'syntax' returns expected value for ["*"]
Pass	Attribute 'syntax' returns expected value for [" * "]
Pass	Attribute 'syntax' returns expected value for ["* "]
Pass	Attribute 'syntax' returns expected value for ["	*	"]
Pass	Attribute 'syntax' returns expected value for ["red"]
Pass	Attribute 'syntax' makes the @property rule invalid for ["rgb(255, 0, 0)"]
Pass	Attribute 'syntax' makes the @property rule invalid for [<color>]
Pass	Attribute 'syntax' makes the @property rule invalid for [foo | bar]
Fail	Attribute 'syntax' makes the @property rule invalid for ["default"]
Fail	Attribute 'syntax' makes the @property rule invalid for ["Default"]
Fail	Attribute 'syntax' makes the @property rule invalid for ["initial"]
Fail	Attribute 'syntax' makes the @property rule invalid for ["Initial"]
Fail	Attribute 'syntax' makes the @property rule invalid for ["inherit"]
Fail	Attribute 'syntax' makes the @property rule invalid for ["Inherit"]
Fail	Attribute 'syntax' makes the @property rule invalid for ["unset"]
Fail	Attribute 'syntax' makes the @property rule invalid for ["Unset"]
Fail	Attribute 'syntax' makes the @property rule invalid for ["revert"]
Fail	Attribute 'syntax' makes the @property rule invalid for ["Revert"]
Fail	Attribute 'syntax' makes the @property rule invalid for ["revert-layer"]
Fail	Attribute 'syntax' makes the @property rule invalid for ["Revert-layer"]
Pass	Attribute 'syntax' makes the @property rule invalid for ["foo bar"]
Pass	Attribute 'syntax' makes the @property rule invalid for ["Foo <length>"]
Pass	Attribute 'syntax' makes the @property rule invalid for ["foo, bar"]
Pass	Attribute 'syntax' makes the @property rule invalid for ["<length> <percentage>"]
Pass	Attribute 'syntax' makes the @property rule invalid for ["|<length>"]
Pass	Attribute 'initial-value' returns expected value for [10px]
Pass	Attribute 'initial-value' returns expected value for [rgb(1, 2, 3)]
Pass	Attribute 'initial-value' returns expected value for [red]
Pass	Attribute 'initial-value' returns expected value for [foo]
Fail	Attribute 'initial-value' returns expected value for [foo(){}]
Fail	Attribute 'initial-value' makes the @property rule invalid for [3em]
Fail	Attribute 'initial-value' makes the @property rule invalid for [var(--x)]
Pass	Attribute 'inherits' returns expected value for [true]
Pass	Attribute 'inherits' returns expected value for [false]
Pass	Attribute 'inherits' makes the @property rule invalid for [none]
Pass	Attribute 'inherits' makes the @property rule invalid for [0]
Pass	Attribute 'inherits' makes the @property rule invalid for [1]
Pass	Attribute 'inherits' makes the @property rule invalid for ["true"]
Pass	Attribute 'inherits' makes the @property rule invalid for ["false"]
Pass	Attribute 'inherits' makes the @property rule invalid for [calc(0)]
Pass	Invalid property name does not parse [foo]
Pass	Invalid property name does not parse [-foo]
Fail	Rule applied [*, foo(){}, false]
Fail	Rule applied [<angle>, 42deg, false]
Fail	Rule applied [<angle>, 1turn, false]
Fail	Rule applied [<color>, green, false]
Fail	Rule applied [<color>, rgb(1, 2, 3), false]
Fail	Rule applied [<image>, url("http://a/"), false]
Fail	Rule applied [<integer>, 5, false]
Fail	Rule applied [<length-percentage>, 10px, false]
Fail	Rule applied [<length-percentage>, 10%, false]
Fail	Rule applied [<length-percentage>, calc(10% + 10px), false]
Fail	Rule applied [<length>, 10px, false]
Fail	Rule applied [<number>, 2.5, false]
Fail	Rule applied [<percentage>, 10%, false]
Fail	Rule applied [<resolution>, 50dppx, false]
Fail	Rule applied [<resolution>, 96dpi, false]
Fail	Rule applied [<time>, 10s, false]
Fail	Rule applied [<time>, 1000ms, false]
Fail	Rule applied [<transform-function>, rotateX(0deg), false]
Fail	Rule applied [<transform-list>, rotateX(0deg), false]
Fail	Rule applied [<transform-list>, rotateX(0deg) translateX(10px), false]
Fail	Rule applied [<url>, url("http://a/"), false]
Fail	Rule applied [<string>, 'foo bar', false]
Fail	Rule applied [<string>,  'foo bar' , false]
Fail	Rule applied [<string>, '"foo" bar', false]
Fail	Rule applied [<string>, "bar baz", false]
Fail	Rule applied [<string>, "bar 'baz'", false]
Fail	Rule applied [<string>+, 'foo' 'bar', false]
Fail	Rule applied [<string>#, 'foo', 'bar', false]
Fail	Rule applied [<string>+ | <string>#, 'foo' 'bar', false]
Fail	Rule applied [<string>+ | <string>#,  'foo' 'bar', false]
Fail	Rule applied [<string>+ | <string>#, 'foo' "bar", false]
Fail	Rule applied [<string># | <string>+, 'foo', 'bar', false]
Fail	Rule applied [<string># | <string>+, 'foo', 'bar' , false]
Fail	Rule applied [<string># | <string>+, "foo", 'bar', false]
Pass	Rule not applied [<string>, 1px, false]
Pass	Rule not applied [<string>, foo, false]
Pass	Rule not applied [<string>, calc(1 + 2), false]
Pass	Rule not applied [<string>, rgb(255, 99, 71), false]
Pass	Rule not applied [<string>, 'foo' 2px, false]
Fail	Rule applied [<color>, tomato, false]
Fail	Rule applied [<color>, tomato, true]
Pass	Rule applied for "*", even with no initial value
Pass	Rule not applied [undefined, green, false]
Pass	Rule not applied [<color>, undefined, false]
Pass	Rule not applied [<color>, green, undefined]
Pass	Rule not applied [<gandalf>, grey, false]
Pass	Rule not applied [gandalf, grey, false]
Pass	Rule not applied [<color>, notacolor, false]
Pass	Rule not applied [<length>, 10em, false]
Pass	Rule not applied [<transform-function>, translateX(1em), false]
Pass	Rule not applied [<transform-function>, translateY(1lh), false]
Pass	Rule not applied [<transform-list>, rotate(10deg) translateX(1em), false]
Pass	Rule not applied [<transform-list>, rotate(10deg) translateY(1lh), false]
Fail	Non-inherited properties do not inherit
Pass	Inherited properties inherit
Fail	Initial values substituted as computed value
Pass	Non-universal registration are invalid without an initial value
Fail	Initial value may be omitted for universal registration