Harness status: OK

Found 1 tests

1 Pass
Pass	attribute selectors with missing right tokens succeed