Harness status: OK

Found 3 tests

3 Pass
Pass	Create Worker via ScriptTestUrl
Pass	Block Worker creation via string
Pass	Create Worker via string with default policy.