Shadow realm evaluation returned: SGVsbG8sIHdvcmxkIQ==
