TypeError: Failed to obtain a Blob object from 'blob:' URL
