Harness status: OK

Found 1 tests

1 Pass
Pass	Evaluation of :required and :optional changes for input type change.