Harness status: OK

Found 1 tests

1 Pass
Pass	window.setTimeout() reports the exception from its callback in the callback's global object