Viewport <#document> at [0,0] [0+0+0 800 0+0+0] [0+0+0 600 0+0+0] children: not-inline
  BlockContainer <html> at [0,0] [0+0+0 800 0+0+0] [0+0+0 316 0+0+0] [BFC] children: not-inline
    BlockContainer <body> at [8,8] [8+0+0 784 0+0+8] [8+0+0 300 0+0+8] children: not-inline
      TableWrapper <(anonymous)> at [8,8] [0+0+0 200 0+0+584] [0+0+0 300 0+0+0] [BFC] children: not-inline
        Box <div.table> at [8,8] table-box [0+0+0 200 0+0+0] [0+0+0 300 0+0+0] [TFC] children: not-inline
          Box <div.row.a> at [8,8] table-row [0+0+0 200 0+0+0] [0+0+0 100 0+0+0] children: not-inline
            BlockContainer <div.cell> at [8,8] table-cell [0+0+0 200 0+0+0] [0+0+0 18 82+0+0] [BFC] children: inline
              frag 0 from TextNode start: 0, length: 1, rect: [8,8 9.34375x18] baseline: 13.796875
                  "a"
              TextNode <#text> (not painted)
          Box <div.row.b> at [8,108] table-row [0+0+0 200 0+0+0] [0+0+0 200 0+0+0] children: not-inline
            BlockContainer <div.cell> at [8,108] table-cell [0+0+0 200 0+0+0] [0+0+0 18 182+0+0] [BFC] children: inline
              frag 0 from TextNode start: 0, length: 1, rect: [8,108 9.46875x18] baseline: 13.796875
                  "b"
              TextNode <#text> (not painted)

ViewportPaintable (Viewport<#document>) [0,0 800x600]
  PaintableWithLines (BlockContainer<HTML>) [0,0 800x316]
    PaintableWithLines (BlockContainer<BODY>) [8,8 784x300]
      PaintableWithLines (TableWrapper(anonymous)) [8,8 200x300]
        PaintableBox (Box<DIV>.table) [8,8 200x300]
          PaintableBox (Box<DIV>.row.a) [8,8 200x100]
            PaintableWithLines (BlockContainer<DIV>.cell) [8,8 200x100]
              TextPaintable (TextNode<#text>)
          PaintableBox (Box<DIV>.row.b) [8,108 200x200]
            PaintableWithLines (BlockContainer<DIV>.cell) [8,108 200x200]
              TextPaintable (TextNode<#text>)

SC for Viewport<#document> [0,0 800x600] [children: 1] (z-index: auto)
 SC for BlockContainer<HTML> [0,0 800x316] [children: 0] (z-index: auto)
