Harness status: OK

Found 1 tests

1 Pass
Pass	TestDriver click method