Harness status: OK

Found 2 tests

2 Fail
Fail	Add declarations
Fail	Remove declarations