Harness status: OK

Found 228 tests

44 Pass
184 Fail
Pass	raster image
Pass	raster image (when not rendered)
Pass	raster image with width/height attributes
Pass	raster image with width/height attributes (when not rendered)
Pass	non existent image, no natural dimensions
Pass	non existent image, no natural dimensions (when not rendered)
Pass	non existent image with width/height attributes, no natural dimensions
Pass	non existent image with width/height attributes, no natural dimensions (when not rendered)
Fail	SVG image, no natural dimensions
Fail	SVG image, no natural dimensions (when not rendered)
Fail	SVG image with width/height attrs, no natural dimensions
Fail	SVG image with width/height attrs, no natural dimensions (when not rendered)
Fail	SVG image with width attr, no natural dimensions
Fail	SVG image with width attr, no natural dimensions (when not rendered)
Fail	SVG image with height attr, no natural dimensions
Fail	SVG image with height attr, no natural dimensions (when not rendered)
Fail	SVG image, percengage natural dimensions
Fail	SVG image, percengage natural dimensions (when not rendered)
Fail	SVG image, negative percengage natural dimensions
Fail	SVG image, negative percengage natural dimensions (when not rendered)
Fail	SVG image, with natural width
Fail	SVG image, with natural width (when not rendered)
Fail	SVG image, with natural height
Fail	SVG image, with natural height (when not rendered)
Fail	SVG image, with natural width of 0
Fail	SVG image, with natural width of 0 (when not rendered)
Fail	SVG image, with natural height of 0
Fail	SVG image, with natural height of 0 (when not rendered)
Fail	SVG image, with natural width being negative
Fail	SVG image, with natural width being negative (when not rendered)
Fail	SVG image, with natural height being negative
Fail	SVG image, with natural height being negative (when not rendered)
Fail	SVG image, no natural dimensions, and aspect ratio from viewBox
Fail	SVG image, no natural dimensions, and aspect ratio from viewBox (when not rendered)
Fail	SVG image, percengage natural dimensions, and aspect ratio from viewBox
Fail	SVG image, percengage natural dimensions, and aspect ratio from viewBox (when not rendered)
Fail	SVG image, negative percengage natural dimensions, and aspect ratio from viewBox
Fail	SVG image, negative percengage natural dimensions, and aspect ratio from viewBox (when not rendered)
Fail	SVG image, with natural width, and aspect ratio from viewBox
Fail	SVG image, with natural width, and aspect ratio from viewBox (when not rendered)
Fail	SVG image, with natural height, and aspect ratio from viewBox
Fail	SVG image, with natural height, and aspect ratio from viewBox (when not rendered)
Pass	SVG image, with natural width of 0, and aspect ratio from viewBox
Pass	SVG image, with natural width of 0, and aspect ratio from viewBox (when not rendered)
Fail	SVG image, with natural height of 0, and aspect ratio from viewBox
Pass	SVG image, with natural height of 0, and aspect ratio from viewBox (when not rendered)
Fail	SVG image, with natural width being negative, and aspect ratio from viewBox
Pass	SVG image, with natural width being negative, and aspect ratio from viewBox (when not rendered)
Fail	SVG image, with natural height being negative, and aspect ratio from viewBox
Pass	SVG image, with natural height being negative, and aspect ratio from viewBox (when not rendered)
Fail	SVG image, no natural dimensions, viewBox with 0 width/height
Fail	SVG image, no natural dimensions, viewBox with 0 width/height (when not rendered)
Fail	SVG image, no natural dimensions, viewBox with 0 width
Fail	SVG image, no natural dimensions, viewBox with 0 width (when not rendered)
Fail	SVG image, no natural dimensions, viewBox with 0 height
Fail	SVG image, no natural dimensions, viewBox with 0 height (when not rendered)
Fail	SVG image, with natural width, viewBox with 0 width/height
Fail	SVG image, with natural width, viewBox with 0 width/height (when not rendered)
Fail	SVG image, with natural width, viewBox with 0 width
Fail	SVG image, with natural width, viewBox with 0 width (when not rendered)
Fail	SVG image, with natural width, viewBox with 0 height
Fail	SVG image, with natural width, viewBox with 0 height (when not rendered)
Fail	SVG image, with natural height, viewBox with 0 width/height
Fail	SVG image, with natural height, viewBox with 0 width/height (when not rendered)
Fail	SVG image, with natural height, viewBox with 0 width
Fail	SVG image, with natural height, viewBox with 0 width (when not rendered)
Fail	SVG image, with natural height, viewBox with 0 height
Fail	SVG image, with natural height, viewBox with 0 height (when not rendered)
Fail	SVG image, with natural width and height
Fail	SVG image, with natural width and height (when not rendered)
Fail	SVG image, with natural width and height, and aspect ratio from viewBox
Fail	SVG image, with natural width and height, and aspect ratio from viewBox (when not rendered)
Pass	SVG image, with natural width and height of 0, and aspect ratio from viewBox
Pass	SVG image, with natural width and height of 0, and aspect ratio from viewBox (when not rendered)
Fail	SVG image, with natural width and height being negative, and aspect ratio from viewBox
Pass	SVG image, with natural width and height being negative, and aspect ratio from viewBox (when not rendered)
Pass	raster image (with srcset/1x)
Pass	raster image (with srcset/1x) (when not rendered)
Pass	raster image with width/height attributes (with srcset/1x)
Pass	raster image with width/height attributes (with srcset/1x) (when not rendered)
Pass	non existent image, no natural dimensions (with srcset/1x)
Pass	non existent image, no natural dimensions (with srcset/1x) (when not rendered)
Pass	non existent image with width/height attributes, no natural dimensions (with srcset/1x)
Pass	non existent image with width/height attributes, no natural dimensions (with srcset/1x) (when not rendered)
Fail	SVG image, no natural dimensions (with srcset/1x)
Fail	SVG image, no natural dimensions (with srcset/1x) (when not rendered)
Fail	SVG image with width/height attrs, no natural dimensions (with srcset/1x)
Fail	SVG image with width/height attrs, no natural dimensions (with srcset/1x) (when not rendered)
Fail	SVG image with width attr, no natural dimensions (with srcset/1x)
Fail	SVG image with width attr, no natural dimensions (with srcset/1x) (when not rendered)
Fail	SVG image with height attr, no natural dimensions (with srcset/1x)
Fail	SVG image with height attr, no natural dimensions (with srcset/1x) (when not rendered)
Fail	SVG image, percengage natural dimensions (with srcset/1x)
Fail	SVG image, percengage natural dimensions (with srcset/1x) (when not rendered)
Fail	SVG image, negative percengage natural dimensions (with srcset/1x)
Fail	SVG image, negative percengage natural dimensions (with srcset/1x) (when not rendered)
Fail	SVG image, with natural width (with srcset/1x)
Fail	SVG image, with natural width (with srcset/1x) (when not rendered)
Fail	SVG image, with natural height (with srcset/1x)
Fail	SVG image, with natural height (with srcset/1x) (when not rendered)
Fail	SVG image, with natural width of 0 (with srcset/1x)
Fail	SVG image, with natural width of 0 (with srcset/1x) (when not rendered)
Fail	SVG image, with natural height of 0 (with srcset/1x)
Fail	SVG image, with natural height of 0 (with srcset/1x) (when not rendered)
Fail	SVG image, with natural width being negative (with srcset/1x)
Fail	SVG image, with natural width being negative (with srcset/1x) (when not rendered)
Fail	SVG image, with natural height being negative (with srcset/1x)
Fail	SVG image, with natural height being negative (with srcset/1x) (when not rendered)
Fail	SVG image, no natural dimensions, and aspect ratio from viewBox (with srcset/1x)
Fail	SVG image, no natural dimensions, and aspect ratio from viewBox (with srcset/1x) (when not rendered)
Fail	SVG image, percengage natural dimensions, and aspect ratio from viewBox (with srcset/1x)
Fail	SVG image, percengage natural dimensions, and aspect ratio from viewBox (with srcset/1x) (when not rendered)
Fail	SVG image, negative percengage natural dimensions, and aspect ratio from viewBox (with srcset/1x)
Fail	SVG image, negative percengage natural dimensions, and aspect ratio from viewBox (with srcset/1x) (when not rendered)
Fail	SVG image, with natural width, and aspect ratio from viewBox (with srcset/1x)
Fail	SVG image, with natural width, and aspect ratio from viewBox (with srcset/1x) (when not rendered)
Fail	SVG image, with natural height, and aspect ratio from viewBox (with srcset/1x)
Fail	SVG image, with natural height, and aspect ratio from viewBox (with srcset/1x) (when not rendered)
Pass	SVG image, with natural width of 0, and aspect ratio from viewBox (with srcset/1x)
Pass	SVG image, with natural width of 0, and aspect ratio from viewBox (with srcset/1x) (when not rendered)
Fail	SVG image, with natural height of 0, and aspect ratio from viewBox (with srcset/1x)
Pass	SVG image, with natural height of 0, and aspect ratio from viewBox (with srcset/1x) (when not rendered)
Fail	SVG image, with natural width being negative, and aspect ratio from viewBox (with srcset/1x)
Pass	SVG image, with natural width being negative, and aspect ratio from viewBox (with srcset/1x) (when not rendered)
Fail	SVG image, with natural height being negative, and aspect ratio from viewBox (with srcset/1x)
Pass	SVG image, with natural height being negative, and aspect ratio from viewBox (with srcset/1x) (when not rendered)
Fail	SVG image, no natural dimensions, viewBox with 0 width/height (with srcset/1x)
Fail	SVG image, no natural dimensions, viewBox with 0 width/height (with srcset/1x) (when not rendered)
Fail	SVG image, no natural dimensions, viewBox with 0 width (with srcset/1x)
Fail	SVG image, no natural dimensions, viewBox with 0 width (with srcset/1x) (when not rendered)
Fail	SVG image, no natural dimensions, viewBox with 0 height (with srcset/1x)
Fail	SVG image, no natural dimensions, viewBox with 0 height (with srcset/1x) (when not rendered)
Fail	SVG image, with natural width, viewBox with 0 width/height (with srcset/1x)
Fail	SVG image, with natural width, viewBox with 0 width/height (with srcset/1x) (when not rendered)
Fail	SVG image, with natural width, viewBox with 0 width (with srcset/1x)
Fail	SVG image, with natural width, viewBox with 0 width (with srcset/1x) (when not rendered)
Fail	SVG image, with natural width, viewBox with 0 height (with srcset/1x)
Fail	SVG image, with natural width, viewBox with 0 height (with srcset/1x) (when not rendered)
Fail	SVG image, with natural height, viewBox with 0 width/height (with srcset/1x)
Fail	SVG image, with natural height, viewBox with 0 width/height (with srcset/1x) (when not rendered)
Fail	SVG image, with natural height, viewBox with 0 width (with srcset/1x)
Fail	SVG image, with natural height, viewBox with 0 width (with srcset/1x) (when not rendered)
Fail	SVG image, with natural height, viewBox with 0 height (with srcset/1x)
Fail	SVG image, with natural height, viewBox with 0 height (with srcset/1x) (when not rendered)
Fail	SVG image, with natural width and height (with srcset/1x)
Fail	SVG image, with natural width and height (with srcset/1x) (when not rendered)
Fail	SVG image, with natural width and height, and aspect ratio from viewBox (with srcset/1x)
Fail	SVG image, with natural width and height, and aspect ratio from viewBox (with srcset/1x) (when not rendered)
Pass	SVG image, with natural width and height of 0, and aspect ratio from viewBox (with srcset/1x)
Pass	SVG image, with natural width and height of 0, and aspect ratio from viewBox (with srcset/1x) (when not rendered)
Fail	SVG image, with natural width and height being negative, and aspect ratio from viewBox (with srcset/1x)
Pass	SVG image, with natural width and height being negative, and aspect ratio from viewBox (with srcset/1x) (when not rendered)
Fail	raster image (with srcset/2x)
Fail	raster image (with srcset/2x) (when not rendered)
Fail	raster image with width/height attributes (with srcset/2x)
Fail	raster image with width/height attributes (with srcset/2x) (when not rendered)
Pass	non existent image, no natural dimensions (with srcset/2x)
Pass	non existent image, no natural dimensions (with srcset/2x) (when not rendered)
Pass	non existent image with width/height attributes, no natural dimensions (with srcset/2x)
Pass	non existent image with width/height attributes, no natural dimensions (with srcset/2x) (when not rendered)
Fail	SVG image, no natural dimensions (with srcset/2x)
Fail	SVG image, no natural dimensions (with srcset/2x) (when not rendered)
Fail	SVG image with width/height attrs, no natural dimensions (with srcset/2x)
Fail	SVG image with width/height attrs, no natural dimensions (with srcset/2x) (when not rendered)
Fail	SVG image with width attr, no natural dimensions (with srcset/2x)
Fail	SVG image with width attr, no natural dimensions (with srcset/2x) (when not rendered)
Fail	SVG image with height attr, no natural dimensions (with srcset/2x)
Fail	SVG image with height attr, no natural dimensions (with srcset/2x) (when not rendered)
Fail	SVG image, percengage natural dimensions (with srcset/2x)
Fail	SVG image, percengage natural dimensions (with srcset/2x) (when not rendered)
Fail	SVG image, negative percengage natural dimensions (with srcset/2x)
Fail	SVG image, negative percengage natural dimensions (with srcset/2x) (when not rendered)
Fail	SVG image, with natural width (with srcset/2x)
Fail	SVG image, with natural width (with srcset/2x) (when not rendered)
Fail	SVG image, with natural height (with srcset/2x)
Fail	SVG image, with natural height (with srcset/2x) (when not rendered)
Fail	SVG image, with natural width of 0 (with srcset/2x)
Fail	SVG image, with natural width of 0 (with srcset/2x) (when not rendered)
Fail	SVG image, with natural height of 0 (with srcset/2x)
Fail	SVG image, with natural height of 0 (with srcset/2x) (when not rendered)
Fail	SVG image, with natural width being negative (with srcset/2x)
Fail	SVG image, with natural width being negative (with srcset/2x) (when not rendered)
Fail	SVG image, with natural height being negative (with srcset/2x)
Fail	SVG image, with natural height being negative (with srcset/2x) (when not rendered)
Fail	SVG image, no natural dimensions, and aspect ratio from viewBox (with srcset/2x)
Fail	SVG image, no natural dimensions, and aspect ratio from viewBox (with srcset/2x) (when not rendered)
Fail	SVG image, percengage natural dimensions, and aspect ratio from viewBox (with srcset/2x)
Fail	SVG image, percengage natural dimensions, and aspect ratio from viewBox (with srcset/2x) (when not rendered)
Fail	SVG image, negative percengage natural dimensions, and aspect ratio from viewBox (with srcset/2x)
Fail	SVG image, negative percengage natural dimensions, and aspect ratio from viewBox (with srcset/2x) (when not rendered)
Fail	SVG image, with natural width, and aspect ratio from viewBox (with srcset/2x)
Fail	SVG image, with natural width, and aspect ratio from viewBox (with srcset/2x) (when not rendered)
Fail	SVG image, with natural height, and aspect ratio from viewBox (with srcset/2x)
Fail	SVG image, with natural height, and aspect ratio from viewBox (with srcset/2x) (when not rendered)
Pass	SVG image, with natural width of 0, and aspect ratio from viewBox (with srcset/2x)
Pass	SVG image, with natural width of 0, and aspect ratio from viewBox (with srcset/2x) (when not rendered)
Fail	SVG image, with natural height of 0, and aspect ratio from viewBox (with srcset/2x)
Pass	SVG image, with natural height of 0, and aspect ratio from viewBox (with srcset/2x) (when not rendered)
Fail	SVG image, with natural width being negative, and aspect ratio from viewBox (with srcset/2x)
Pass	SVG image, with natural width being negative, and aspect ratio from viewBox (with srcset/2x) (when not rendered)
Fail	SVG image, with natural height being negative, and aspect ratio from viewBox (with srcset/2x)
Pass	SVG image, with natural height being negative, and aspect ratio from viewBox (with srcset/2x) (when not rendered)
Fail	SVG image, no natural dimensions, viewBox with 0 width/height (with srcset/2x)
Fail	SVG image, no natural dimensions, viewBox with 0 width/height (with srcset/2x) (when not rendered)
Fail	SVG image, no natural dimensions, viewBox with 0 width (with srcset/2x)
Fail	SVG image, no natural dimensions, viewBox with 0 width (with srcset/2x) (when not rendered)
Fail	SVG image, no natural dimensions, viewBox with 0 height (with srcset/2x)
Fail	SVG image, no natural dimensions, viewBox with 0 height (with srcset/2x) (when not rendered)
Fail	SVG image, with natural width, viewBox with 0 width/height (with srcset/2x)
Fail	SVG image, with natural width, viewBox with 0 width/height (with srcset/2x) (when not rendered)
Fail	SVG image, with natural width, viewBox with 0 width (with srcset/2x)
Fail	SVG image, with natural width, viewBox with 0 width (with srcset/2x) (when not rendered)
Fail	SVG image, with natural width, viewBox with 0 height (with srcset/2x)
Fail	SVG image, with natural width, viewBox with 0 height (with srcset/2x) (when not rendered)
Fail	SVG image, with natural height, viewBox with 0 width/height (with srcset/2x)
Fail	SVG image, with natural height, viewBox with 0 width/height (with srcset/2x) (when not rendered)
Fail	SVG image, with natural height, viewBox with 0 width (with srcset/2x)
Fail	SVG image, with natural height, viewBox with 0 width (with srcset/2x) (when not rendered)
Fail	SVG image, with natural height, viewBox with 0 height (with srcset/2x)
Fail	SVG image, with natural height, viewBox with 0 height (with srcset/2x) (when not rendered)
Fail	SVG image, with natural width and height (with srcset/2x)
Fail	SVG image, with natural width and height (with srcset/2x) (when not rendered)
Fail	SVG image, with natural width and height, and aspect ratio from viewBox (with srcset/2x)
Fail	SVG image, with natural width and height, and aspect ratio from viewBox (with srcset/2x) (when not rendered)
Pass	SVG image, with natural width and height of 0, and aspect ratio from viewBox (with srcset/2x)
Pass	SVG image, with natural width and height of 0, and aspect ratio from viewBox (with srcset/2x) (when not rendered)
Fail	SVG image, with natural width and height being negative, and aspect ratio from viewBox (with srcset/2x)
Pass	SVG image, with natural width and height being negative, and aspect ratio from viewBox (with srcset/2x) (when not rendered)